// Jest Snapshot v1, https://goo.gl/fbAQLP

exports[`Header should render correctly in "debug" mode 1`] = `
<div
  className="ui "
>
  <h1
    className=" ui huge inverted vertical center aligned segment"
  >
    My Tv shows
  </h1>
  <AppRouter />
</div>
`;

exports[`Header should render correctly with no props 1`] = `
<div
  className="ui "
>
  <h1
    className=" ui huge inverted vertical center aligned segment"
  >
    My Tv shows
  </h1>
  <AppRouter />
</div>
`;
