// Jest Snapshot v1, https://goo.gl/fbAQLP

exports[`TVTable should render correctly with no props 1`] = `
<table
  className="ui celled padded table  "
>
  <thead
    className=""
  >
    <tr
      className=""
    >
      <th
        className="ui medium header"
      >
        Cover
      </th>
      <th
        className="ui medium header"
      >
        Title
      </th>
      <th
        className="ui medium header"
      >
        Year
      </th>
      <th
        className="ui medium header"
      >
        Average
      </th>
      <th
        className="ui medium header"
      >
        Language
      </th>
      <th
        className="ui medium header"
      >
        Add/Remove
      </th>
    </tr>
  </thead>
  <tbody
    className=""
  />
  <tfoot
    className=""
  >
    <tr
      className=""
    >
      <th
        className=""
        colSpan="6"
      >
        <div
          className="ui pagination right floated menu"
        >
          <div
            className="icon item"
          >
            <i
              aria-hidden="true"
              className="chevron left icon"
            />
          </div>
          <div
            className="icon item"
          >
            <i
              aria-hidden="true"
              className="chevron right icon"
            />
          </div>
        </div>
      </th>
    </tr>
  </tfoot>
</table>
`;
